../Drivers/BSP/Components/lsm6dso/lsm6dso.c:279:9:LSM6DSO_GetCapabilities	4	static
../Drivers/BSP/Components/lsm6dso/lsm6dso.c:3906:16:ReadRegWrap	4	static
../Drivers/BSP/Components/lsm6dso/lsm6dso.c:3921:16:WriteRegWrap	4	static
../Drivers/BSP/Components/lsm6dso/lsm6dso.c:302:9:LSM6DSO_ACC_Enable	8	static
../Drivers/BSP/Components/lsm6dso/lsm6dso.c:729:9:LSM6DSO_ACC_SetFullScale	8	static
../Drivers/BSP/Components/lsm6dso/lsm6dso.c:808:9:LSM6DSO_GYRO_Enable	8	static
../Drivers/BSP/Components/lsm6dso/lsm6dso.c:1123:9:LSM6DSO_GYRO_SetFullScale	8	static
../Drivers/BSP/Components/lsm6dso/lsm6dso.c:263:9:LSM6DSO_ReadID	8	static
../Drivers/BSP/Components/lsm6dso/lsm6dso.c:326:9:LSM6DSO_ACC_Disable	16	static
../Drivers/BSP/Components/lsm6dso/lsm6dso.c:401:9:LSM6DSO_ACC_GetOutputDataRate	16	static
../Drivers/BSP/Components/lsm6dso/lsm6dso.c:357:9:LSM6DSO_ACC_GetSensitivity	16	static
../Drivers/BSP/Components/lsm6dso/lsm6dso.c:686:9:LSM6DSO_ACC_GetFullScale	16	static
../Drivers/BSP/Components/lsm6dso/lsm6dso.c:754:9:LSM6DSO_ACC_GetAxesRaw	16	static
../Drivers/BSP/Components/lsm6dso/lsm6dso.c:832:9:LSM6DSO_GYRO_Disable	16	static
../Drivers/BSP/Components/lsm6dso/lsm6dso.c:911:9:LSM6DSO_GYRO_GetOutputDataRate	16	static
../Drivers/BSP/Components/lsm6dso/lsm6dso.c:863:9:LSM6DSO_GYRO_GetSensitivity	16	static
../Drivers/BSP/Components/lsm6dso/lsm6dso.c:1076:9:LSM6DSO_GYRO_GetFullScale	16	static
../Drivers/BSP/Components/lsm6dso/lsm6dso.c:1147:9:LSM6DSO_GYRO_GetAxesRaw	16	static
../Drivers/BSP/Components/lsm6dso/lsm6dso.c:1171:9:LSM6DSO_GYRO_GetAxes	32	static
../Drivers/BSP/Components/lsm6dso/lsm6dso.c:159:9:LSM6DSO_Init	16	static
../Drivers/BSP/Components/lsm6dso/lsm6dso.c:235:9:LSM6DSO_DeInit	16	static
../Drivers/BSP/Components/lsm6dso/lsm6dso.c:778:9:LSM6DSO_ACC_GetAxes	32	static
../Drivers/BSP/Components/lsm6dso/lsm6dso.c:101:9:LSM6DSO_RegisterBusIO	24	static
../Drivers/BSP/Components/lsm6dso/lsm6dso.c:489:9:LSM6DSO_ACC_SetOutputDataRate_With_Mode	32	static
../Drivers/BSP/Components/lsm6dso/lsm6dso.c:476:9:LSM6DSO_ACC_SetOutputDataRate	0	static
../Drivers/BSP/Components/lsm6dso/lsm6dso.c:994:9:LSM6DSO_GYRO_SetOutputDataRate_With_Mode	32	static
../Drivers/BSP/Components/lsm6dso/lsm6dso.c:982:9:LSM6DSO_GYRO_SetOutputDataRate	0	static
../Drivers/BSP/Components/lsm6dso/lsm6dso.c:1203:9:LSM6DSO_Read_Reg	8	static
../Drivers/BSP/Components/lsm6dso/lsm6dso.c:1220:9:LSM6DSO_Write_Reg	16	static
../Drivers/BSP/Components/lsm6dso/lsm6dso.c:1236:9:LSM6DSO_Set_Interrupt_Latch	8	static
../Drivers/BSP/Components/lsm6dso/lsm6dso.c:1284:9:LSM6DSO_ACC_Enable_Free_Fall_Detection	24	static
../Drivers/BSP/Components/lsm6dso/lsm6dso.c:1370:9:LSM6DSO_ACC_Disable_Free_Fall_Detection	24	static
../Drivers/BSP/Components/lsm6dso/lsm6dso.c:1421:9:LSM6DSO_ACC_Set_Free_Fall_Threshold	8	static
../Drivers/BSP/Components/lsm6dso/lsm6dso.c:1476:9:LSM6DSO_ACC_Set_Free_Fall_Duration	8	static
../Drivers/BSP/Components/lsm6dso/lsm6dso.c:1491:9:LSM6DSO_ACC_Enable_Pedometer	32	static
../Drivers/BSP/Components/lsm6dso/lsm6dso.c:1558:9:LSM6DSO_ACC_Disable_Pedometer	24	static
../Drivers/BSP/Components/lsm6dso/lsm6dso.c:1599:9:LSM6DSO_ACC_Get_Step_Count	8	static
../Drivers/BSP/Components/lsm6dso/lsm6dso.c:1614:9:LSM6DSO_ACC_Step_Counter_Reset	8	static
../Drivers/BSP/Components/lsm6dso/lsm6dso.c:1630:9:LSM6DSO_ACC_Enable_Tilt_Detection	40	static
../Drivers/BSP/Components/lsm6dso/lsm6dso.c:1717:9:LSM6DSO_ACC_Disable_Tilt_Detection	32	static
../Drivers/BSP/Components/lsm6dso/lsm6dso.c:1771:9:LSM6DSO_ACC_Enable_Wake_Up_Detection	24	static
../Drivers/BSP/Components/lsm6dso/lsm6dso.c:1845:9:LSM6DSO_ACC_Disable_Wake_Up_Detection	24	static
../Drivers/BSP/Components/lsm6dso/lsm6dso.c:1896:9:LSM6DSO_ACC_Set_Wake_Up_Threshold	8	static
../Drivers/BSP/Components/lsm6dso/lsm6dso.c:1913:9:LSM6DSO_ACC_Set_Wake_Up_Duration	8	static
../Drivers/BSP/Components/lsm6dso/lsm6dso.c:1930:9:LSM6DSO_ACC_Enable_Single_Tap_Detection	24	static
../Drivers/BSP/Components/lsm6dso/lsm6dso.c:2032:9:LSM6DSO_ACC_Disable_Single_Tap_Detection	24	static
../Drivers/BSP/Components/lsm6dso/lsm6dso.c:2107:9:LSM6DSO_ACC_Enable_Double_Tap_Detection	24	static
../Drivers/BSP/Components/lsm6dso/lsm6dso.c:2217:9:LSM6DSO_ACC_Disable_Double_Tap_Detection	24	static
../Drivers/BSP/Components/lsm6dso/lsm6dso.c:2304:9:LSM6DSO_ACC_Set_Tap_Threshold	8	static
../Drivers/BSP/Components/lsm6dso/lsm6dso.c:2321:9:LSM6DSO_ACC_Set_Tap_Shock_Time	8	static
../Drivers/BSP/Components/lsm6dso/lsm6dso.c:2338:9:LSM6DSO_ACC_Set_Tap_Quiet_Time	8	static
../Drivers/BSP/Components/lsm6dso/lsm6dso.c:2355:9:LSM6DSO_ACC_Set_Tap_Duration_Time	8	static
../Drivers/BSP/Components/lsm6dso/lsm6dso.c:2372:9:LSM6DSO_ACC_Enable_6D_Orientation	24	static
../Drivers/BSP/Components/lsm6dso/lsm6dso.c:2440:9:LSM6DSO_ACC_Disable_6D_Orientation	24	static
../Drivers/BSP/Components/lsm6dso/lsm6dso.c:2485:9:LSM6DSO_ACC_Set_6D_Orientation_Threshold	8	static
../Drivers/BSP/Components/lsm6dso/lsm6dso.c:2528:9:LSM6DSO_ACC_Get_6D_Orientation_XL	16	static
../Drivers/BSP/Components/lsm6dso/lsm6dso.c:2548:9:LSM6DSO_ACC_Get_6D_Orientation_XH	16	static
../Drivers/BSP/Components/lsm6dso/lsm6dso.c:2568:9:LSM6DSO_ACC_Get_6D_Orientation_YL	16	static
../Drivers/BSP/Components/lsm6dso/lsm6dso.c:2588:9:LSM6DSO_ACC_Get_6D_Orientation_YH	16	static
../Drivers/BSP/Components/lsm6dso/lsm6dso.c:2608:9:LSM6DSO_ACC_Get_6D_Orientation_ZL	16	static
../Drivers/BSP/Components/lsm6dso/lsm6dso.c:2628:9:LSM6DSO_ACC_Get_6D_Orientation_ZH	16	static
../Drivers/BSP/Components/lsm6dso/lsm6dso.c:2648:9:LSM6DSO_ACC_Get_DRDY_Status	8	static
../Drivers/BSP/Components/lsm6dso/lsm6dso.c:2664:9:LSM6DSO_ACC_Get_Event_Status	48	static
../Drivers/BSP/Components/lsm6dso/lsm6dso.c:2798:9:LSM6DSO_ACC_Set_SelfTest	8	static
../Drivers/BSP/Components/lsm6dso/lsm6dso.c:2821:9:LSM6DSO_GYRO_Get_DRDY_Status	8	static
../Drivers/BSP/Components/lsm6dso/lsm6dso.c:2837:9:LSM6DSO_GYRO_Set_SelfTest	8	static
../Drivers/BSP/Components/lsm6dso/lsm6dso.c:2861:9:LSM6DSO_FIFO_Get_Num_Samples	8	static
../Drivers/BSP/Components/lsm6dso/lsm6dso.c:2877:9:LSM6DSO_FIFO_Get_Full_Status	16	static
../Drivers/BSP/Components/lsm6dso/lsm6dso.c:2897:9:LSM6DSO_FIFO_Set_INT1_FIFO_Full	24	static
../Drivers/BSP/Components/lsm6dso/lsm6dso.c:2922:9:LSM6DSO_FIFO_Set_Watermark_Level	8	static
../Drivers/BSP/Components/lsm6dso/lsm6dso.c:2938:9:LSM6DSO_FIFO_Set_Stop_On_Fth	8	static
../Drivers/BSP/Components/lsm6dso/lsm6dso.c:2954:9:LSM6DSO_FIFO_Set_Mode	8	static
../Drivers/BSP/Components/lsm6dso/lsm6dso.c:3003:9:LSM6DSO_FIFO_Get_Tag	16	static
../Drivers/BSP/Components/lsm6dso/lsm6dso.c:3023:9:LSM6DSO_FIFO_Get_Data	8	static
../Drivers/BSP/Components/lsm6dso/lsm6dso.c:3039:9:LSM6DSO_FIFO_ACC_Get_Axes	32	static
../Drivers/BSP/Components/lsm6dso/lsm6dso.c:3072:9:LSM6DSO_FIFO_ACC_Set_BDR	8	static
../Drivers/BSP/Components/lsm6dso/lsm6dso.c:3102:9:LSM6DSO_FIFO_GYRO_Get_Axes	32	static
../Drivers/BSP/Components/lsm6dso/lsm6dso.c:3135:9:LSM6DSO_FIFO_GYRO_Set_BDR	8	static
../Drivers/BSP/Components/lsm6dso/lsm6dso.c:3164:9:LSM6DSO_ACC_Enable_DRDY_On_INT1	16	static
../Drivers/BSP/Components/lsm6dso/lsm6dso.c:3188:9:LSM6DSO_ACC_Disable_DRDY_On_INT1	16	static
../Drivers/BSP/Components/lsm6dso/lsm6dso.c:3212:9:LSM6DSO_ACC_Set_Power_Mode	8	static
../Drivers/BSP/Components/lsm6dso/lsm6dso.c:3253:9:LSM6DSO_ACC_Set_Filter_Mode	16	static
../Drivers/BSP/Components/lsm6dso/lsm6dso.c:3371:9:LSM6DSO_ACC_Enable_Inactivity_Detection	24	static
../Drivers/BSP/Components/lsm6dso/lsm6dso.c:3483:9:LSM6DSO_ACC_Disable_Inactivity_Detection	24	static
../Drivers/BSP/Components/lsm6dso/lsm6dso.c:3533:9:LSM6DSO_ACC_Set_Sleep_Duration	8	static
../Drivers/BSP/Components/lsm6dso/lsm6dso.c:3549:9:LSM6DSO_GYRO_Enable_DRDY_On_INT2	16	static
../Drivers/BSP/Components/lsm6dso/lsm6dso.c:3574:9:LSM6DSO_GYRO_Set_Power_Mode	8	static
../Drivers/BSP/Components/lsm6dso/lsm6dso.c:3612:9:LSM6DSO_GYRO_Set_Filter_Mode	16	static
../Drivers/BSP/Components/lsm6dso/lsm6dso.c:3713:9:LSM6DSO_DRDY_Set_Mode	8	static
../Drivers/BSP/Components/lsm6dso/lsm6dso.c:3752:9:LSM6DSO_Set_Mem_Bank	8	static
