../driver/drv_uart.c:229:13:usart_start_tx_dma_transfer	40	static
../driver/drv_uart.c:117:13:uart_rx_thread_entry	24	static
../driver/drv_uart.c:218:6:bsp_uart_init	72	static
../driver/drv_uart.c:293:6:bsp_uart_send	24	static
../driver/drv_uart.c:305:21:bsp_get_huart	0	static
../driver/drv_uart.c:310:6:bsp_uart_install_rx_callback	0	static
../driver/drv_uart.c:315:6:HAL_UART_TxCpltCallback	8	static
../driver/drv_uart.c:332:6:HAL_UART_RxHalfCpltCallback	0	static
../driver/drv_uart.c:344:6:HAL_UART_RxCpltCallback	0	static
../driver/drv_uart.c:356:6:HAL_UART_INTERRUPT_HANDLE	16	static
