../libraries/easylogger/elog.c:166:13:elog_init	16	static
../libraries/easylogger/elog.c:210:6:elog_deinit	8	static
../libraries/easylogger/elog.c:228:6:elog_start	0	static
../libraries/easylogger/elog.c:245:6:elog_stop	0	static
../libraries/easylogger/elog.c:264:6:elog_set_output_enabled	0	static
../libraries/easylogger/elog.c:300:6:elog_get_output_enabled	0	static
../libraries/easylogger/elog.c:351:6:elog_set_filter_tag	0	static
../libraries/easylogger/elog.c:361:6:elog_set_filter_kw	0	static
../libraries/easylogger/elog.c:369:6:elog_output_lock	8	static
../libraries/easylogger/elog.c:385:6:elog_output_unlock	8	static
../libraries/easylogger/elog.c:525:6:elog_raw_output	16	static
../libraries/easylogger/elog.c:576:6:elog_output	120	static
../libraries/easylogger/elog.c:311:6:elog_set_fmt	40	static
../libraries/easylogger/elog.c:339:6:elog_set_filter_lvl	40	static
../libraries/easylogger/elog.c:325:6:elog_set_filter	48	static
../libraries/easylogger/elog.c:429:6:elog_set_filter_tag_lvl	56	static
../libraries/easylogger/elog.c:493:9:elog_get_filter_tag_lvl	48	static
../libraries/easylogger/elog.c:785:13:get_fmt_enabled	40	static
../libraries/easylogger/elog.c:805:6:elog_output_lock_enabled	0	static
../libraries/easylogger/elog.c:829:6:elog_assert_set_hook	0	static
../libraries/easylogger/elog.c:842:8:elog_find_lvl	40	static
../libraries/easylogger/elog.c:897:13:elog_find_tag	48	static
../libraries/easylogger/elog.c:934:6:elog_hexdump	80	static
