../Core/Src/stm32f4xx_nucleo_bus.c:137:9:BSP_I2C1_DeInit	8	static
../Core/Src/stm32f4xx_nucleo_bus.c:165:9:BSP_I2C1_IsReady	8	static
../Core/Src/stm32f4xx_nucleo_bus.c:186:9:BSP_I2C1_WriteReg	24	static
../Core/Src/stm32f4xx_nucleo_bus.c:212:10:BSP_I2C1_ReadReg	24	static
../Core/Src/stm32f4xx_nucleo_bus.c:240:9:BSP_I2C1_WriteReg16	24	static
../Core/Src/stm32f4xx_nucleo_bus.c:265:10:BSP_I2C1_ReadReg16	24	static
../Core/Src/stm32f4xx_nucleo_bus.c:290:9:BSP_I2C1_Send	16	static
../Core/Src/stm32f4xx_nucleo_bus.c:315:9:BSP_I2C1_Recv	16	static
../Core/Src/stm32f4xx_nucleo_bus.c:338:9:BSP_I2C1_Send_DMA	8	static
../Core/Src/stm32f4xx_nucleo_bus.c:354:10:BSP_I2C1_Recv_DMA	8	static
../Core/Src/stm32f4xx_nucleo_bus.c:423:9:BSP_GetTick	0	static
../Core/Src/stm32f4xx_nucleo_bus.c:429:26:MX_I2C1_Init	8	static
../Core/Src/stm32f4xx_nucleo_bus.c:93:9:BSP_I2C1_Init	64	static
